// Jest Snapshot v1, https://goo.gl/fbAQLP

exports[`TransactionDetails.ui should render 1`] = `
<SceneWrapper
  background="theme"
>
  <ScrollView>
    <View
      style={
        Object {
          "flex": 1,
          "flexDirection": "column",
          "width": "100%",
        }
      }
    >
      <WithTheme(TileComponent)
        onPress={[Function]}
        title="Sender Name"
        type="editable"
      >
        <View
          style={
            Object {
              "alignItems": "center",
              "flexDirection": "row",
              "margin": 6,
            }
          }
        >
          <Image
            source={
              Object {
                "uri": "thumb/nail/path",
              }
            }
            style={
              Object {
                "borderRadius": 22,
                "height": 45,
                "marginRight": 11,
                "width": 45,
              }
            }
          />
          <WithTheme(EdgeTextComponent)
            style={
              Object {
                "color": "#FFFFFF",
                "fontSize": 22,
              }
            }
          >
            Sender
          </WithTheme(EdgeTextComponent)>
        </View>
      </WithTheme(TileComponent)>
      <WithTheme(TileComponent)
        body="₿ 0.00000123"
        title="Bitcoin Amount"
        type="static"
      />
      <WithTheme(TileComponent)
        onPress={[Function]}
        title="Amount in iso:USD"
        type="editable"
      >
        <View
          style={
            Object {
              "alignItems": "center",
              "flexDirection": "row",
              "margin": 6,
            }
          }
        >
          <WithTheme(EdgeTextComponent)
            style={
              Object {
                "color": "#FFFFFF",
                "fontSize": 22,
              }
            }
          >
            $ 
          </WithTheme(EdgeTextComponent)>
          <WithTheme(EdgeTextComponent)
            style={
              Object {
                "color": "#FFFFFF",
                "fontSize": 22,
              }
            }
          >
            0.00
          </WithTheme(EdgeTextComponent)>
        </View>
      </WithTheme(TileComponent)>
      <WithTheme(TileComponent)
        title="Amount at Current Price"
        type="static"
      >
        <View
          style={
            Object {
              "alignItems": "center",
              "flexDirection": "row",
              "margin": 6,
            }
          }
        >
          <WithTheme(EdgeTextComponent)
            style={
              Object {
                "color": "#FFFFFF",
                "fontSize": 22,
              }
            }
          >
            $ 
          </WithTheme(EdgeTextComponent)>
          <WithTheme(EdgeTextComponent)
            style={
              Object {
                "color": "#FFFFFF",
                "flex": 1,
                "fontSize": 22,
              }
            }
          >
            120.00
          </WithTheme(EdgeTextComponent)>
          <WithTheme(EdgeTextComponent)
            style={
              Object {
                "color": "#77C513",
                "fontSize": 22,
              }
            }
          >
            0%
          </WithTheme(EdgeTextComponent)>
        </View>
      </WithTheme(TileComponent)>
      <WithTheme(TileComponent)
        onPress={[Function]}
        title="Category"
        type="editable"
      >
        <View
          style={
            Object {
              "alignItems": "center",
              "flexDirection": "row",
              "margin": 6,
            }
          }
        >
          <View
            style={
              Object {
                "alignItems": "center",
                "borderColor": "#66EDA8",
                "borderRadius": 3,
                "borderWidth": 1,
                "height": 45,
                "justifyContent": "center",
                "marginVertical": 6,
                "paddingHorizontal": 11,
              }
            }
          >
            <WithTheme(EdgeTextComponent)
              style={
                Object {
                  "color": "#66EDA8",
                  "fontSize": 22,
                }
              }
            >
              Income
            </WithTheme(EdgeTextComponent)>
          </View>
          <WithTheme(EdgeTextComponent)
            style={
              Object {
                "color": "#FFFFFF",
                "marginHorizontal": 17,
                "marginVertical": 6,
              }
            }
          >
            
          </WithTheme(EdgeTextComponent)>
        </View>
      </WithTheme(TileComponent)>
      <WithTheme(TileComponent)
        body=""
        onPress={[Function]}
        title="Notes"
        type="editable"
      />
      <TouchableWithoutFeedback
        onPress={[Function]}
      >
        <WithTheme(EdgeTextComponent)
          style={
            Object {
              "color": "#66EDA8",
              "fontSize": 22,
              "marginVertical": 28,
              "textAlign": "center",
              "width": "100%",
            }
          }
        >
          View Advanced Transaction Data
        </WithTheme(EdgeTextComponent)>
      </TouchableWithoutFeedback>
      <PrimaryButton
        label="Save"
        marginRem={
          Array [
            0,
            2,
            2,
          ]
        }
        onPress={[Function]}
      />
    </View>
  </ScrollView>
</SceneWrapper>
`;

exports[`TransactionDetails.ui should render with negative nativeAmount and fiatAmount 1`] = `
<SceneWrapper
  background="theme"
>
  <ScrollView>
    <View
      style={
        Object {
          "flex": 1,
          "flexDirection": "column",
          "width": "100%",
        }
      }
    >
      <WithTheme(TileComponent)
        onPress={[Function]}
        title="Recipient Name"
        type="editable"
      >
        <View
          style={
            Object {
              "alignItems": "center",
              "flexDirection": "row",
              "margin": 6,
            }
          }
        >
          <Image
            source={
              Object {
                "uri": "thumb/nail/path",
              }
            }
            style={
              Object {
                "borderRadius": 22,
                "height": 45,
                "marginRight": 11,
                "width": 45,
              }
            }
          />
          <WithTheme(EdgeTextComponent)
            style={
              Object {
                "color": "#FFFFFF",
                "fontSize": 22,
              }
            }
          >
            Recipient
          </WithTheme(EdgeTextComponent)>
        </View>
      </WithTheme(TileComponent)>
      <WithTheme(TileComponent)
        body="₿ 0.00000122 (+ 0 fee)"
        title="Bitcoin Amount"
        type="static"
      />
      <WithTheme(TileComponent)
        onPress={[Function]}
        title="Amount in iso:USD"
        type="editable"
      >
        <View
          style={
            Object {
              "alignItems": "center",
              "flexDirection": "row",
              "margin": 6,
            }
          }
        >
          <WithTheme(EdgeTextComponent)
            style={
              Object {
                "color": "#FFFFFF",
                "fontSize": 22,
              }
            }
          >
            $ 
          </WithTheme(EdgeTextComponent)>
          <WithTheme(EdgeTextComponent)
            style={
              Object {
                "color": "#FFFFFF",
                "fontSize": 22,
              }
            }
          >
            6392.93
          </WithTheme(EdgeTextComponent)>
        </View>
      </WithTheme(TileComponent)>
      <WithTheme(TileComponent)
        title="Amount at Current Price"
        type="static"
      >
        <View
          style={
            Object {
              "alignItems": "center",
              "flexDirection": "row",
              "margin": 6,
            }
          }
        >
          <WithTheme(EdgeTextComponent)
            style={
              Object {
                "color": "#FFFFFF",
                "fontSize": 22,
              }
            }
          >
            $ 
          </WithTheme(EdgeTextComponent)>
          <WithTheme(EdgeTextComponent)
            style={
              Object {
                "color": "#FFFFFF",
                "flex": 1,
                "fontSize": 22,
              }
            }
          >
            120.00
          </WithTheme(EdgeTextComponent)>
          <WithTheme(EdgeTextComponent)
            style={
              Object {
                "color": "#E85466",
                "fontSize": 22,
              }
            }
          >
            - 98.12%
          </WithTheme(EdgeTextComponent)>
        </View>
      </WithTheme(TileComponent)>
      <WithTheme(TileComponent)
        onPress={[Function]}
        title="Category"
        type="editable"
      >
        <View
          style={
            Object {
              "alignItems": "center",
              "flexDirection": "row",
              "margin": 6,
            }
          }
        >
          <View
            style={
              Object {
                "alignItems": "center",
                "borderColor": "#66EDA8",
                "borderRadius": 3,
                "borderWidth": 1,
                "height": 45,
                "justifyContent": "center",
                "marginVertical": 6,
                "paddingHorizontal": 11,
              }
            }
          >
            <WithTheme(EdgeTextComponent)
              style={
                Object {
                  "color": "#66EDA8",
                  "fontSize": 22,
                }
              }
            >
              Expense
            </WithTheme(EdgeTextComponent)>
          </View>
          <WithTheme(EdgeTextComponent)
            style={
              Object {
                "color": "#FFFFFF",
                "marginHorizontal": 17,
                "marginVertical": 6,
              }
            }
          >
            
          </WithTheme(EdgeTextComponent)>
        </View>
      </WithTheme(TileComponent)>
      <WithTheme(TileComponent)
        body=""
        onPress={[Function]}
        title="Notes"
        type="editable"
      />
      <TouchableWithoutFeedback
        onPress={[Function]}
      >
        <WithTheme(EdgeTextComponent)
          style={
            Object {
              "color": "#66EDA8",
              "fontSize": 22,
              "marginVertical": 28,
              "textAlign": "center",
              "width": "100%",
            }
          }
        >
          View Advanced Transaction Data
        </WithTheme(EdgeTextComponent)>
      </TouchableWithoutFeedback>
      <PrimaryButton
        label="Save"
        marginRem={
          Array [
            0,
            2,
            2,
          ]
        }
        onPress={[Function]}
      />
    </View>
  </ScrollView>
</SceneWrapper>
`;

exports[`TransactionDetails.ui should render with tx date off by 1000x in future 1`] = `
<SceneWrapper
  background="theme"
>
  <ScrollView>
    <View
      style={
        Object {
          "flex": 1,
          "flexDirection": "column",
          "width": "100%",
        }
      }
    >
      <WithTheme(TileComponent)
        onPress={[Function]}
        title="Sender Name"
        type="editable"
      >
        <View
          style={
            Object {
              "alignItems": "center",
              "flexDirection": "row",
              "margin": 6,
            }
          }
        >
          <Image
            source={
              Object {
                "uri": "thumb/nail/path",
              }
            }
            style={
              Object {
                "borderRadius": 22,
                "height": 45,
                "marginRight": 11,
                "width": 45,
              }
            }
          />
          <WithTheme(EdgeTextComponent)
            style={
              Object {
                "color": "#FFFFFF",
                "fontSize": 22,
              }
            }
          >
            Sender
          </WithTheme(EdgeTextComponent)>
        </View>
      </WithTheme(TileComponent)>
      <WithTheme(TileComponent)
        body="₿ 0.00000123"
        title="Bitcoin Amount"
        type="static"
      />
      <WithTheme(TileComponent)
        onPress={[Function]}
        title="Amount in iso:USD"
        type="editable"
      >
        <View
          style={
            Object {
              "alignItems": "center",
              "flexDirection": "row",
              "margin": 6,
            }
          }
        >
          <WithTheme(EdgeTextComponent)
            style={
              Object {
                "color": "#FFFFFF",
                "fontSize": 22,
              }
            }
          >
            $ 
          </WithTheme(EdgeTextComponent)>
          <WithTheme(EdgeTextComponent)
            style={
              Object {
                "color": "#FFFFFF",
                "fontSize": 22,
              }
            }
          >
            0.00
          </WithTheme(EdgeTextComponent)>
        </View>
      </WithTheme(TileComponent)>
      <WithTheme(TileComponent)
        title="Amount at Current Price"
        type="static"
      >
        <View
          style={
            Object {
              "alignItems": "center",
              "flexDirection": "row",
              "margin": 6,
            }
          }
        >
          <WithTheme(EdgeTextComponent)
            style={
              Object {
                "color": "#FFFFFF",
                "fontSize": 22,
              }
            }
          >
            $ 
          </WithTheme(EdgeTextComponent)>
          <WithTheme(EdgeTextComponent)
            style={
              Object {
                "color": "#FFFFFF",
                "flex": 1,
                "fontSize": 22,
              }
            }
          >
            120.00
          </WithTheme(EdgeTextComponent)>
          <WithTheme(EdgeTextComponent)
            style={
              Object {
                "color": "#77C513",
                "fontSize": 22,
              }
            }
          >
            0%
          </WithTheme(EdgeTextComponent)>
        </View>
      </WithTheme(TileComponent)>
      <WithTheme(TileComponent)
        onPress={[Function]}
        title="Category"
        type="editable"
      >
        <View
          style={
            Object {
              "alignItems": "center",
              "flexDirection": "row",
              "margin": 6,
            }
          }
        >
          <View
            style={
              Object {
                "alignItems": "center",
                "borderColor": "#66EDA8",
                "borderRadius": 3,
                "borderWidth": 1,
                "height": 45,
                "justifyContent": "center",
                "marginVertical": 6,
                "paddingHorizontal": 11,
              }
            }
          >
            <WithTheme(EdgeTextComponent)
              style={
                Object {
                  "color": "#66EDA8",
                  "fontSize": 22,
                }
              }
            >
              Income
            </WithTheme(EdgeTextComponent)>
          </View>
          <WithTheme(EdgeTextComponent)
            style={
              Object {
                "color": "#FFFFFF",
                "marginHorizontal": 17,
                "marginVertical": 6,
              }
            }
          >
            
          </WithTheme(EdgeTextComponent)>
        </View>
      </WithTheme(TileComponent)>
      <WithTheme(TileComponent)
        body=""
        onPress={[Function]}
        title="Notes"
        type="editable"
      />
      <TouchableWithoutFeedback
        onPress={[Function]}
      >
        <WithTheme(EdgeTextComponent)
          style={
            Object {
              "color": "#66EDA8",
              "fontSize": 22,
              "marginVertical": 28,
              "textAlign": "center",
              "width": "100%",
            }
          }
        >
          View Advanced Transaction Data
        </WithTheme(EdgeTextComponent)>
      </TouchableWithoutFeedback>
      <PrimaryButton
        label="Save"
        marginRem={
          Array [
            0,
            2,
            2,
          ]
        }
        onPress={[Function]}
      />
    </View>
  </ScrollView>
</SceneWrapper>
`;

exports[`TransactionDetails.ui should render with tx date off by 1000x in past 1`] = `
<SceneWrapper
  background="theme"
>
  <ScrollView>
    <View
      style={
        Object {
          "flex": 1,
          "flexDirection": "column",
          "width": "100%",
        }
      }
    >
      <WithTheme(TileComponent)
        onPress={[Function]}
        title="Sender Name"
        type="editable"
      >
        <View
          style={
            Object {
              "alignItems": "center",
              "flexDirection": "row",
              "margin": 6,
            }
          }
        >
          <Image
            source={
              Object {
                "uri": "thumb/nail/path",
              }
            }
            style={
              Object {
                "borderRadius": 22,
                "height": 45,
                "marginRight": 11,
                "width": 45,
              }
            }
          />
          <WithTheme(EdgeTextComponent)
            style={
              Object {
                "color": "#FFFFFF",
                "fontSize": 22,
              }
            }
          >
            Sender
          </WithTheme(EdgeTextComponent)>
        </View>
      </WithTheme(TileComponent)>
      <WithTheme(TileComponent)
        body="₿ 0.00000123"
        title="Bitcoin Amount"
        type="static"
      />
      <WithTheme(TileComponent)
        onPress={[Function]}
        title="Amount in iso:USD"
        type="editable"
      >
        <View
          style={
            Object {
              "alignItems": "center",
              "flexDirection": "row",
              "margin": 6,
            }
          }
        >
          <WithTheme(EdgeTextComponent)
            style={
              Object {
                "color": "#FFFFFF",
                "fontSize": 22,
              }
            }
          >
            $ 
          </WithTheme(EdgeTextComponent)>
          <WithTheme(EdgeTextComponent)
            style={
              Object {
                "color": "#FFFFFF",
                "fontSize": 22,
              }
            }
          >
            0.00
          </WithTheme(EdgeTextComponent)>
        </View>
      </WithTheme(TileComponent)>
      <WithTheme(TileComponent)
        title="Amount at Current Price"
        type="static"
      >
        <View
          style={
            Object {
              "alignItems": "center",
              "flexDirection": "row",
              "margin": 6,
            }
          }
        >
          <WithTheme(EdgeTextComponent)
            style={
              Object {
                "color": "#FFFFFF",
                "fontSize": 22,
              }
            }
          >
            $ 
          </WithTheme(EdgeTextComponent)>
          <WithTheme(EdgeTextComponent)
            style={
              Object {
                "color": "#FFFFFF",
                "flex": 1,
                "fontSize": 22,
              }
            }
          >
            120.00
          </WithTheme(EdgeTextComponent)>
          <WithTheme(EdgeTextComponent)
            style={
              Object {
                "color": "#77C513",
                "fontSize": 22,
              }
            }
          >
            0%
          </WithTheme(EdgeTextComponent)>
        </View>
      </WithTheme(TileComponent)>
      <WithTheme(TileComponent)
        onPress={[Function]}
        title="Category"
        type="editable"
      >
        <View
          style={
            Object {
              "alignItems": "center",
              "flexDirection": "row",
              "margin": 6,
            }
          }
        >
          <View
            style={
              Object {
                "alignItems": "center",
                "borderColor": "#66EDA8",
                "borderRadius": 3,
                "borderWidth": 1,
                "height": 45,
                "justifyContent": "center",
                "marginVertical": 6,
                "paddingHorizontal": 11,
              }
            }
          >
            <WithTheme(EdgeTextComponent)
              style={
                Object {
                  "color": "#66EDA8",
                  "fontSize": 22,
                }
              }
            >
              Income
            </WithTheme(EdgeTextComponent)>
          </View>
          <WithTheme(EdgeTextComponent)
            style={
              Object {
                "color": "#FFFFFF",
                "marginHorizontal": 17,
                "marginVertical": 6,
              }
            }
          >
            
          </WithTheme(EdgeTextComponent)>
        </View>
      </WithTheme(TileComponent)>
      <WithTheme(TileComponent)
        body=""
        onPress={[Function]}
        title="Notes"
        type="editable"
      />
      <TouchableWithoutFeedback
        onPress={[Function]}
      >
        <WithTheme(EdgeTextComponent)
          style={
            Object {
              "color": "#66EDA8",
              "fontSize": 22,
              "marginVertical": 28,
              "textAlign": "center",
              "width": "100%",
            }
          }
        >
          View Advanced Transaction Data
        </WithTheme(EdgeTextComponent)>
      </TouchableWithoutFeedback>
      <PrimaryButton
        label="Save"
        marginRem={
          Array [
            0,
            2,
            2,
          ]
        }
        onPress={[Function]}
      />
    </View>
  </ScrollView>
</SceneWrapper>
`;
